0 verbose cli /Users/ojal/.nvm/versions/node/v22.14.0/bin/node /Users/ojal/.nvm/versions/node/v22.14.0/bin/npm
1 info using npm@11.5.2
2 info using node@v22.14.0
3 silly config load:file:/Users/ojal/.nvm/versions/node/v22.14.0/lib/node_modules/npm/npmrc
4 silly config load:file:/Users/ojal/Code/demo-ecom/.npmrc
5 silly config load:file:/Users/ojal/.npmrc
6 silly config load:file:/Users/ojal/.nvm/versions/node/v22.14.0/etc/npmrc
7 verbose title npm install
8 verbose argv "install" "--cache" "/Users/ojal/Code/demo-ecom/.npm-cache" "--loglevel" "error"
9 verbose logfile logs-max:10 dir:/Users/ojal/Code/demo-ecom/.npm-cache/_logs/2026-03-01T10_24_01_934Z-
10 verbose logfile /Users/ojal/Code/demo-ecom/.npm-cache/_logs/2026-03-01T10_24_01_934Z-debug-0.log
11 silly logfile done cleaning log files
12 http fetch GET https://registry.npmjs.org/npm attempt 1 failed with ENOTFOUND
13 silly packumentCache heap:4345298944 maxSize:1086324736 maxEntrySize:543162368
14 silly idealTree buildDeps
15 silly fetch manifest @types/react@^18.3.12
16 silly packumentCache full:https://registry.npmjs.org/@types%2freact cache-miss
17 http fetch GET https://registry.npmjs.org/@types%2freact attempt 1 failed with ENOTFOUND
18 http fetch GET https://registry.npmjs.org/npm attempt 2 failed with ENOTFOUND
19 http fetch GET https://registry.npmjs.org/@types%2freact attempt 2 failed with ENOTFOUND
20 http fetch GET https://registry.npmjs.org/npm attempt 3 failed with ENOTFOUND
21 http fetch GET https://registry.npmjs.org/@types%2freact attempt 3 failed with ENOTFOUND
22 silly fetch manifest @types/react-dom@^18.3.1
23 silly packumentCache full:https://registry.npmjs.org/@types%2freact-dom cache-miss
24 http fetch GET https://registry.npmjs.org/@types%2freact-dom attempt 1 failed with ENOTFOUND
25 http fetch GET https://registry.npmjs.org/@types%2freact-dom attempt 2 failed with ENOTFOUND
26 http fetch GET https://registry.npmjs.org/@types%2freact-dom attempt 3 failed with ENOTFOUND
27 silly fetch manifest typescript@^5.9.2
28 silly packumentCache full:https://registry.npmjs.org/typescript cache-miss
29 http fetch GET https://registry.npmjs.org/typescript attempt 1 failed with ENOTFOUND
30 http fetch GET https://registry.npmjs.org/typescript attempt 2 failed with ENOTFOUND
31 http fetch GET https://registry.npmjs.org/typescript attempt 3 failed with ENOTFOUND
32 silly placeDep ROOT @types/react@ OK for: demo-ecom@0.0.0 want: ^18.3.12
33 silly placeDep ROOT @types/react-dom@ OK for: demo-ecom@0.0.0 want: ^18.3.1
34 silly placeDep ROOT typescript@ OK for: demo-ecom@0.0.0 want: ^5.9.2
35 verbose type system
36 verbose stack FetchError: request to https://registry.npmjs.org/@types%2freact failed, reason: getaddrinfo ENOTFOUND registry.npmjs.org
36 verbose stack     at ClientRequest.<anonymous> (/Users/ojal/.nvm/versions/node/v22.14.0/lib/node_modules/npm/node_modules/minipass-fetch/lib/index.js:130:14)
36 verbose stack     at ClientRequest.emit (node:events:518:28)
36 verbose stack     at emitErrorEvent (node:_http_client:104:11)
36 verbose stack     at _destroy (node:_http_client:898:9)
36 verbose stack     at onSocketNT (node:_http_client:918:5)
36 verbose stack     at process.processTicksAndRejections (node:internal/process/task_queues:91:21)
37 error code ENOTFOUND
38 error syscall getaddrinfo
39 error errno ENOTFOUND
40 error network request to https://registry.npmjs.org/@types%2freact failed, reason: getaddrinfo ENOTFOUND registry.npmjs.org
41 error network This is a problem related to network connectivity.
41 error network In most cases you are behind a proxy or have bad network settings.
41 error network
41 error network If you are behind a proxy, please make sure that the
41 error network 'proxy' config is set properly.  See: 'npm help config'
42 silly unfinished npm timer reify 1772360642052
43 silly unfinished npm timer reify:loadTrees 1772360642052
44 verbose cwd /Users/ojal/Code/demo-ecom
45 verbose os Darwin 25.3.0
46 verbose node v22.14.0
47 verbose npm  v11.5.2
48 verbose exit 1
49 verbose code 1
50 error A complete log of this run can be found in: /Users/ojal/Code/demo-ecom/.npm-cache/_logs/2026-03-01T10_24_01_934Z-debug-0.log
